PS D:\git lab1\lab1> git config --global user.name kusumasr96
PS D:\git lab1\lab1> git config --global user.email kusumasr926@gmail.com
PS D:\git lab1\lab1> git init
Initialized empty Git repository in D:/git lab1/lab1/.git/
PS D:\git lab1\lab1> git branch -m main master
PS D:\git lab1\lab1> git add 1.c
PS D:\git lab1\lab1> git commit -m "1.c commited"
[master (root-commit) f3884eb] 1.c commited
 1 file changed, 5 insertions(+)
 create mode 100644 1.c
PS D:\git lab1\lab1> git add 2.c
PS D:\git lab1\lab1> git commit -m "2.c commited"
[master 0d62fb1] 2.c commited
 1 file changed, 1 insertion(+)
 create mode 100644 2.c
PS D:\git lab1\lab1>